Note: Some input files use or override a deprecated API.
Note: Recompile with -Xlint:deprecation for details.
Verifies
Verified using v1 scheme (JAR signing): false
Verified using v2 scheme (APK Signature Scheme v2): true
Verified using v3 scheme (APK Signature Scheme v3): true
Verified using v3.1 scheme (APK Signature Scheme v3.1): false
Verified using v4 scheme (APK Signature Scheme v4): false
Verified for SourceStamp: false
Number of signers: 1
Signer #1 certificate DN: CN=YlPorts Conker Android, OU=Android Ports, O=YlPorts, C=PA
Signer #1 certificate SHA-256 digest: fe28ed682f9f86119e5ebc8eeb6478cbd5bf664b98d0352602a055976b65bffe
Signer #1 certificate SHA-1 digest: 633fa91e91460a3fb05301fc3a22f7c3f1704379
Signer #1 certificate MD5 digest: 58d85b13b3d42209748ae8999bf34bbe
Signer #1 key algorithm: RSA
Signer #1 key size (bits): 2048
Signer #1 public key SHA-256 digest: 4be82cacaa34fe23d5e37677704120bbe06a1e4a106f253479b19469f9c758ad
Signer #1 public key SHA-1 digest: 8bc2dd4c4acca5236dc2997d764f183ff3d30149
Signer #1 public key MD5 digest: e47837e0a7322f41a51d24d0aa95f5cf
package: name='com.ylports.cbfd' versionCode='8' versionName='0.1.7-alpha' platformBuildVersionName='15' platformBuildVersionCode='35' compileSdkVersion='35' compileSdkVersionCodename='15'
sdkVersion:'26'
targetSdkVersion:'35'
application-label:'Conker Recompiled'
application: label='Conker Recompiled' icon=''
launchable-activity: name='com.ylports.cbfd.LauncherActivity'  label='' icon=''
feature-group: label=''
  uses-feature-not-required: name='android.hardware.touchscreen'
  uses-feature: name='android.hardware.vulkan.version' version='4198400'
  uses-feature: name='android.hardware.screen.landscape'
  uses-implied-feature: name='android.hardware.screen.landscape' reason='one or more activities have specified a landscape orientation'
main
other-activities
supports-screens: 'small' 'normal' 'large' 'xlarge'
supports-any-density: 'true'
locales: '--_--'
densities: '160'
native-code: 'arm64-v8a'
APK compiled and signed: /mnt/data/Conker-Recompiled-0.1.7-alpha-arm64.apk
Compilation is not a device gameplay/FPS test. The APK contains no ROM.
